Sencha Cmd 7.9.0.35 - Crash report
================================================
An error occurred while executing the following command: app watch

Diagnostic information:
=======================
Error while loading build environment: Failed to load JSON from D:\Sencha\store-frontend\storeApp-client\workspace.json - com.google.gson.stream.MalformedJsonException: Unterminated object at line 51 column 6 path $.
See https://github.com/google/gson/blob/main/Troubleshooting.md#malformed-json

java.lang.NullPointerException
     at com.sencha.command.Sencha.logCrashToFile(Sencha.java:640)
     at com.sencha.command.Sencha.main(Sencha.java:181)
     at sun.reflect.NativeMethodAccessorImpl.invoke0(Native Method)
     at sun.reflect.NativeMethodAccessorImpl.invoke(NativeMethodAccessorImpl.java:62)
     at sun.reflect.DelegatingMethodAccessorImpl.invoke(DelegatingMethodAccessorImpl.java:43)
     at java.lang.reflect.Method.invoke(Method.java:498)
     at com.exe4j.runtime.LauncherEngine.launch(LauncherEngine.java:84)
     at com.exe4j.runtime.WinLauncher.main(WinLauncher.java:94)
     at com.install4j.runtime.launcher.WinLauncher.main(WinLauncher.java:25)


Exception information:
=======================
Failed to load JSON from D:\Sencha\store-frontend\storeApp-client\workspace.json - com.google.gson.stream.MalformedJsonException: Unterminated object at line 51 column 6 path $.
See https://github.com/google/gson/blob/main/Troubleshooting.md#malformed-json
     at com.sencha.util.JsonUtil.loadJson(JsonUtil.java:194)
     at com.sencha.util.JsonUtil.loadJson(JsonUtil.java:176)
     at com.sencha.util.JsonUtil.loadJsonMap(JsonUtil.java:203)
     at com.sencha.command.environment.BuildEnvironment.getRawJsonConfig(BuildEnvironment.java:682)
     at com.sencha.command.environment.BuildEnvironment.loadJsonConfig(BuildEnvironment.java:640)
     at com.sencha.command.environment.BuildEnvironment.loadJsonConfig(BuildEnvironment.java:656)
     at com.sencha.command.environment.WorkspaceEnvironment.<init>(WorkspaceEnvironment.java:46)
     at com.sencha.command.environment.WorkspaceEnvironment.scan(WorkspaceEnvironment.java:33)
     at com.sencha.command.environment.AppOrPackageEnvironment.<init>(AppOrPackageEnvironment.java:55)
     at com.sencha.command.environment.AppEnvironment.<init>(AppEnvironment.java:42)
     at com.sencha.command.environment.BuildEnvironment.load(BuildEnvironment.java:110)
     at com.sencha.command.environment.BuildEnvironment.load(BuildEnvironment.java:134)
     at com.sencha.command.environment.BuildEnvironment.load(BuildEnvironment.java:80)
     at com.sencha.command.Sencha.loadBuildEnvironment(Sencha.java:500)
     at com.sencha.command.Sencha.main(Sencha.java:139)
     at sun.reflect.NativeMethodAccessorImpl.invoke0(Native Method)
     at sun.reflect.NativeMethodAccessorImpl.invoke(NativeMethodAccessorImpl.java:62)
     at sun.reflect.DelegatingMethodAccessorImpl.invoke(DelegatingMethodAccessorImpl.java:43)
     at java.lang.reflect.Method.invoke(Method.java:498)
     at com.exe4j.runtime.LauncherEngine.launch(LauncherEngine.java:84)
     at com.exe4j.runtime.WinLauncher.main(WinLauncher.java:94)
     at com.install4j.runtime.launcher.WinLauncher.main(WinLauncher.java:25)
   Caused by: com.google.gson.stream.MalformedJsonException: Unterminated object at line 51 column 6 path $.
See https://github.com/google/gson/blob/main/Troubleshooting.md#malformed-json
     at com.google.gson.Gson.fromJson(Gson.java:1375)
     at com.google.gson.Gson.fromJson(Gson.java:1262)
     at com.google.gson.Gson.fromJson(Gson.java:1171)
     at com.google.gson.Gson.fromJson(Gson.java:1137)
     at com.sencha.util.JsonUtil$ThreadSafeGson.fromJson(JsonUtil.java:396)
     at com.sencha.util.JsonUtil.fromJson(JsonUtil.java:150)
     at com.sencha.util.JsonUtil.loadJson(JsonUtil.java:190)
     at com.sencha.util.JsonUtil.loadJson(JsonUtil.java:176)
     at com.sencha.util.JsonUtil.loadJsonMap(JsonUtil.java:203)
     at com.sencha.command.environment.BuildEnvironment.getRawJsonConfig(BuildEnvironment.java:682)
     at com.sencha.command.environment.BuildEnvironment.loadJsonConfig(BuildEnvironment.java:640)
     at com.sencha.command.environment.BuildEnvironment.loadJsonConfig(BuildEnvironment.java:656)
     at com.sencha.command.environment.WorkspaceEnvironment.<init>(WorkspaceEnvironment.java:46)
     at com.sencha.command.environment.WorkspaceEnvironment.scan(WorkspaceEnvironment.java:33)
     at com.sencha.command.environment.AppOrPackageEnvironment.<init>(AppOrPackageEnvironment.java:55)
     at com.sencha.command.environment.AppEnvironment.<init>(AppEnvironment.java:42)
     at com.sencha.command.environment.BuildEnvironment.load(BuildEnvironment.java:110)
     at com.sencha.command.environment.BuildEnvironment.load(BuildEnvironment.java:134)
     at com.sencha.command.environment.BuildEnvironment.load(BuildEnvironment.java:80)
     at com.sencha.command.Sencha.loadBuildEnvironment(Sencha.java:500)
     at com.sencha.command.Sencha.main(Sencha.java:139)
     at sun.reflect.NativeMethodAccessorImpl.invoke0(Native Method)
     at sun.reflect.NativeMethodAccessorImpl.invoke(NativeMethodAccessorImpl.java:62)
     at sun.reflect.DelegatingMethodAccessorImpl.invoke(DelegatingMethodAccessorImpl.java:43)
     at java.lang.reflect.Method.invoke(Method.java:498)
     at com.exe4j.runtime.LauncherEngine.launch(LauncherEngine.java:84)
     at com.exe4j.runtime.WinLauncher.main(WinLauncher.java:94)
     at com.install4j.runtime.launcher.WinLauncher.main(WinLauncher.java:25)
   Caused by: Unterminated object at line 51 column 6 path $.
See https://github.com/google/gson/blob/main/Troubleshooting.md#malformed-json
     at com.google.gson.stream.JsonReader.syntaxError(JsonReader.java:1754)
     at com.google.gson.stream.JsonReader.doPeek(JsonReader.java:574)
     at com.google.gson.stream.JsonReader.hasNext(JsonReader.java:498)
     at com.google.gson.internal.bind.MapTypeAdapterFactory$Adapter.read(MapTypeAdapterFactory.java:197)
     at com.google.gson.internal.bind.MapTypeAdapterFactory$Adapter.read(MapTypeAdapterFactory.java:154)
     at com.google.gson.Gson.fromJson(Gson.java:1361)
     at com.google.gson.Gson.fromJson(Gson.java:1262)
     at com.google.gson.Gson.fromJson(Gson.java:1171)
     at com.google.gson.Gson.fromJson(Gson.java:1137)
     at com.sencha.util.JsonUtil$ThreadSafeGson.fromJson(JsonUtil.java:396)
     at com.sencha.util.JsonUtil.fromJson(JsonUtil.java:150)
     at com.sencha.util.JsonUtil.loadJson(JsonUtil.java:190)
     at com.sencha.util.JsonUtil.loadJson(JsonUtil.java:176)
     at com.sencha.util.JsonUtil.loadJsonMap(JsonUtil.java:203)
     at com.sencha.command.environment.BuildEnvironment.getRawJsonConfig(BuildEnvironment.java:682)
     at com.sencha.command.environment.BuildEnvironment.loadJsonConfig(BuildEnvironment.java:640)
     at com.sencha.command.environment.BuildEnvironment.loadJsonConfig(BuildEnvironment.java:656)
     at com.sencha.command.environment.WorkspaceEnvironment.<init>(WorkspaceEnvironment.java:46)
     at com.sencha.command.environment.WorkspaceEnvironment.scan(WorkspaceEnvironment.java:33)
     at com.sencha.command.environment.AppOrPackageEnvironment.<init>(AppOrPackageEnvironment.java:55)
     at com.sencha.command.environment.AppEnvironment.<init>(AppEnvironment.java:42)
     at com.sencha.command.environment.BuildEnvironment.load(BuildEnvironment.java:110)
     at com.sencha.command.environment.BuildEnvironment.load(BuildEnvironment.java:134)
     at com.sencha.command.environment.BuildEnvironment.load(BuildEnvironment.java:80)
     at com.sencha.command.Sencha.loadBuildEnvironment(Sencha.java:500)
     at com.sencha.command.Sencha.main(Sencha.java:139)
     at sun.reflect.NativeMethodAccessorImpl.invoke0(Native Method)
     at sun.reflect.NativeMethodAccessorImpl.invoke(NativeMethodAccessorImpl.java:62)
     at sun.reflect.DelegatingMethodAccessorImpl.invoke(DelegatingMethodAccessorImpl.java:43)
     at java.lang.reflect.Method.invoke(Method.java:498)
     at com.exe4j.runtime.LauncherEngine.launch(LauncherEngine.java:84)
     at com.exe4j.runtime.WinLauncher.main(WinLauncher.java:94)
     at com.install4j.runtime.launcher.WinLauncher.main(WinLauncher.java:25)

